	x
1	-130.0131166
2	37.9973397
3	-8.694848911
4	-74.40162615
5	32.03755938
6	-95.29588779
7	-59.45787197
8	28.99564996
9	48.63710235
10	-17.61987393
11	-3.207499141
12	44.11106974
13	0.899099612
14	-7.320110989
15	-38.80642162
16	-52.07149965
17	-30.52201819
18	-124.6550613
19	-15.62018816
20	27.02039883
